
> uc2@1.0.0 test
> jest --detectOpenHandles --forceExit

node.exe : FAIL tests/auth.test.js
At line:1 char:1
+ & "C:\Program Files\nodejs/node.exe" "C:\Users\aliza\AppData\Roaming\ ...
+ ~~~~~~~~~~~~~~~~~~~~~~~~~~~~~~~~~~~~~~~~~~~~~~~~~~~~~~~~~~~~~~~~~~~~~
    + CategoryInfo          : NotSpecified: (FAIL tests/auth.test.js:String) [], RemoteException
    + FullyQualifiedErrorId : NativeCommandError
 
  ΓùÅ Test suite failed to run

    Jest encountered an unexpected token

    Jest failed to parse a file. This happens e.g. when your code or its dependencies use non-standard JavaScript 
syntax, or when Jest is not configured to support such syntax.

    Out of the box Jest supports Babel, which will be used to transform your files into valid JS based on your Babel 
configuration.

    By default "node_modules" folder is ignored by transformers.

    Here's what you can do:
     ΓÇó If you are trying to use ECMAScript Modules, see https://jestjs.io/docs/ecmascript-modules for how to enable 
it.
     ΓÇó If you are trying to use TypeScript, see https://jestjs.io/docs/getting-started#using-typescript
     ΓÇó To have some of your "node_modules" files transformed, you can specify a custom "transformIgnorePatterns" in 
your config.
     ΓÇó If you need a custom transformation, specify a "transform" option in your config.
     ΓÇó If you simply want to mock your non-JS modules (e.g. binary assets) you can stub them out with the 
"moduleNameMapper" config option.

    You'll find more details and examples of these config options in the docs:
    https://jestjs.io/docs/configuration
    For information about custom transformations, see:
    https://jestjs.io/docs/code-transformation

    Details:

    C:\Users\aliza\OneDrive\Desktop\UC2\node_modules\@scure\base\index.js:326
    export const utils = {
    ^^^^^^

    SyntaxError: Unexpected token 'export'

    [0m [90m  8 |[39m [36mconst[39m logger [33m=[39m require([32m'../utils/logger'[39m)[33m;[39m
     [90m  9 |[39m [36mconst[39m qrcode [33m=[39m require([32m'qrcode'[39m)[33m;[39m
    [31m[1m>[22m[39m[90m 10 |[39m [36mconst[39m { authenticator } [33m=[39m 
require([32m'otplib'[39m)[33m;[39m
     [90m    |[39m                           [31m[1m^[22m[39m
     [90m 11 |[39m
     [90m 12 |[39m [36mconst[39m signToken [33m=[39m id [33m=>[39m {
     [90m 13 |[39m     [36mreturn[39m jwt[33m.[39msign({ id }[33m,[39m 
process[33m.[39menv[33m.[39m[33mJWT_SECRET[39m[33m,[39m {[0m

      at Runtime.createScriptFromCode (node_modules/jest-runtime/build/index.js:1318:40)
      at Object.<anonymous> (node_modules/@otplib/plugin-base32-scure/src/index.ts:1:1)
      at Object.<anonymous> (node_modules/otplib/src/functional.ts:13:8)
      at Object.require (controllers/authController.js:10:27)
      at Object.require (routes/authRoutes.js:2:24)
      at Object.require (app.js:61:20)
      at Object.require (tests/auth.test.js:2:13)

Test Suites: 1 failed, 1 total
Tests:       0 total
Snapshots:   0 total
Time:        1.096 s
Ran all test suites.
